Threshold: 0.004547533124656054
